

csslint: There are 26 problems in /Users/user/Sites/fes-v4/build/css/main.css.

main.css
1: warning at line 1, col 2219
Using width with padding can sometimes make elements larger than you expect.
html,body,div,span,applet,object,iframe,h1,h2,h3,h4,h5,h6,p,blockquote,pre,a,abbr,acronym,address,big,cite,code,del,dfn,em,img,ins,kbd,q,s,samp,small,strike,strong,sub,sup,tt,var,b,u,i,center,dl,dt,dd,ol,ul,li,fieldset,form,label,legend,table,caption,tbody,tfoot,thead,tr,th,td,article,aside,canvas,details,embed,figure,figcaption,footer,header,hgroup,menu,nav,output,ruby,section,summary,time,mark,audio,video{margin:0;padding:0;border:0;font-size:100%;font:inherit;vertical-align:baseline}article,aside,details,figcaption,figure,footer,header,hgroup,menu,nav,section{display:block}body{line-height:1}blockquote,q{quotes:none}blockquote:before,blockquote:after,q:before,q:after{content:'';content:none}table{border-collapse:collapse;border-spacing:0}html{box-sizing:border-box}*,*:before,*:after{box-sizing:inherit}.cf:after{content:'';display:table;clear:both}.skip-content{position:absolute;padding:1em;top:-3.5em;left:2em;z-index:100;color:#fff}.skip-content:focus{position:absolute;top:0;background-color:#000}.visually-hidden{position:absolute;overflow:hidden;margin:-1px;padding:0;height:1px;width:1px;clip:rect(0 0 0 0);border:0}h1,.alpha{font-size:2.625rem}h2,.beta{font-size:2.25rem}h3,.gamma{font-size:1.875rem}h4,.delta{font-size:1.5rem}h5,.epsilon{font-size:1.125rem}h6,.zeta{font-size:1rem}p{margin-bottom:24}strong{font-weight:bold}em{font-style:italic}a{color:#ffce00}a:hover,a:active,a:focus{color:#ddd;text-decoration:none}q{quotes:'\201C' '\201D' '\2018' '\2019'}q:before{content:open-quote}q:after{content:close-quote}blockquote{margin-bottom:24}blockquote p:before{content:'\201C'}blockquote p:after{content:'\201D'}img{max-width:100%;font-style:italic;vertical-align:middle}.gm-style img,img[width],img[height]{max-width:none}ul,ol{margin-bottom:0.9375em;margin-left:1.25em}ul li{list-style:disc}li{font-size:1rem}li>ul,li>ol{margin-bottom:0}table{width:100%;border:1px solid;border-collapse:collapse}th,td{border:1px solid;text-align:left}fieldset{border:0}label{display:block;cursor:pointer}input{display:block}input[type="text"],input[type="email"],input[type="tel"],input[type="search"],input[type="number"],input[type="date"],input[type="url"],input[type="password"],textarea{font-size:1rem;padding:10px;width:100%;border:1px solid;-webkit-appearance:none}input[type="submit"],button{-webkit-appearance:none}html{overflow-y:scroll;min-height:100%;-webkit-text-size-adjust:100%;-ms-text-size-adjust:100%;text-size-adjust:100%;-moz-osx-font-smoothing:grayscale;-webkit-font-smoothing:antialiased;color:#212121;background-color:#fff}body{font-size:1rem}.wrap{margin:0 auto;width:1200px;max-width:95%}#cookie-banner{padding:15px 0;background-color:#000}#cookie-banner .wrap{overflow:hidden}#cookie-banner p{line-height:1.3;color:#fff}#cookie-banner a{color:#fff}#cookie-banner .btn{padding:10px 15px;float:left;text-decoration:none;color:#000;background-color:#fff}@media (min-width: 37.5em){#cookie-banner p{width:87.38739%;float:left;margin-right:0.9009%;margin:0}#cookie-banner .btn{float:right}}.message-box{margin-bottom:10px;padding:10px;border:1px solid}.message-box p{margin-bottom:0;font-weight:bold}.message-box--error{color:#7f3232;background-color:#fe6565;border-color:#7f3232}.message-box--warning{color:#7e7e66;background-color:#fdfdcc;border-color:#7e7e66}.message-box--success{color:#5b6c42;background-color:#b7d985;border-color:#5b6c42}.message-text{font-weight:bold}.message-text--error{color:#960101}.message-text--warning{color:#919106}.message-text--success{color:#506f23}

main.css
2: warning at line 1, col 757
The box-sizing property isn't supported in IE6 and IE7.
html,body,div,span,applet,object,iframe,h1,h2,h3,h4,h5,h6,p,blockquote,pre,a,abbr,acronym,address,big,cite,code,del,dfn,em,img,ins,kbd,q,s,samp,small,strike,strong,sub,sup,tt,var,b,u,i,center,dl,dt,dd,ol,ul,li,fieldset,form,label,legend,table,caption,tbody,tfoot,thead,tr,th,td,article,aside,canvas,details,embed,figure,figcaption,footer,header,hgroup,menu,nav,output,ruby,section,summary,time,mark,audio,video{margin:0;padding:0;border:0;font-size:100%;font:inherit;vertical-align:baseline}article,aside,details,figcaption,figure,footer,header,hgroup,menu,nav,section{display:block}body{line-height:1}blockquote,q{quotes:none}blockquote:before,blockquote:after,q:before,q:after{content:'';content:none}table{border-collapse:collapse;border-spacing:0}html{box-sizing:border-box}*,*:before,*:after{box-sizing:inherit}.cf:after{content:'';display:table;clear:both}.skip-content{position:absolute;padding:1em;top:-3.5em;left:2em;z-index:100;color:#fff}.skip-content:focus{position:absolute;top:0;background-color:#000}.visually-hidden{position:absolute;overflow:hidden;margin:-1px;padding:0;height:1px;width:1px;clip:rect(0 0 0 0);border:0}h1,.alpha{font-size:2.625rem}h2,.beta{font-size:2.25rem}h3,.gamma{font-size:1.875rem}h4,.delta{font-size:1.5rem}h5,.epsilon{font-size:1.125rem}h6,.zeta{font-size:1rem}p{margin-bottom:24}strong{font-weight:bold}em{font-style:italic}a{color:#ffce00}a:hover,a:active,a:focus{color:#ddd;text-decoration:none}q{quotes:'\201C' '\201D' '\2018' '\2019'}q:before{content:open-quote}q:after{content:close-quote}blockquote{margin-bottom:24}blockquote p:before{content:'\201C'}blockquote p:after{content:'\201D'}img{max-width:100%;font-style:italic;vertical-align:middle}.gm-style img,img[width],img[height]{max-width:none}ul,ol{margin-bottom:0.9375em;margin-left:1.25em}ul li{list-style:disc}li{font-size:1rem}li>ul,li>ol{margin-bottom:0}table{width:100%;border:1px solid;border-collapse:collapse}th,td{border:1px solid;text-align:left}fieldset{border:0}label{display:block;cursor:pointer}input{display:block}input[type="text"],input[type="email"],input[type="tel"],input[type="search"],input[type="number"],input[type="date"],input[type="url"],input[type="password"],textarea{font-size:1rem;padding:10px;width:100%;border:1px solid;-webkit-appearance:none}input[type="submit"],button{-webkit-appearance:none}html{overflow-y:scroll;min-height:100%;-webkit-text-size-adjust:100%;-ms-text-size-adjust:100%;text-size-adjust:100%;-moz-osx-font-smoothing:grayscale;-webkit-font-smoothing:antialiased;color:#212121;background-color:#fff}body{font-size:1rem}.wrap{margin:0 auto;width:1200px;max-width:95%}#cookie-banner{padding:15px 0;background-color:#000}#cookie-banner .wrap{overflow:hidden}#cookie-banner p{line-height:1.3;color:#fff}#cookie-banner a{color:#fff}#cookie-banner .btn{padding:10px 15px;float:left;text-decoration:none;color:#000;background-color:#fff}@media (min-width: 37.5em){#cookie-banner p{width:87.38739%;float:left;margin-right:0.9009%;margin:0}#cookie-banner .btn{float:right}}.message-box{margin-bottom:10px;padding:10px;border:1px solid}.message-box p{margin-bottom:0;font-weight:bold}.message-box--error{color:#7f3232;background-color:#fe6565;border-color:#7f3232}.message-box--warning{color:#7e7e66;background-color:#fdfdcc;border-color:#7e7e66}.message-box--success{color:#5b6c42;background-color:#b7d985;border-color:#5b6c42}.message-text{font-weight:bold}.message-text--error{color:#960101}.message-text--warning{color:#919106}.message-text--success{color:#506f23}

main.css
3: warning at line 1, col 781
The universal selector (*) is known to be slow.
html,body,div,span,applet,object,iframe,h1,h2,h3,h4,h5,h6,p,blockquote,pre,a,abbr,acronym,address,big,cite,code,del,dfn,em,img,ins,kbd,q,s,samp,small,strike,strong,sub,sup,tt,var,b,u,i,center,dl,dt,dd,ol,ul,li,fieldset,form,label,legend,table,caption,tbody,tfoot,thead,tr,th,td,article,aside,canvas,details,embed,figure,figcaption,footer,header,hgroup,menu,nav,output,ruby,section,summary,time,mark,audio,video{margin:0;padding:0;border:0;font-size:100%;font:inherit;vertical-align:baseline}article,aside,details,figcaption,figure,footer,header,hgroup,menu,nav,section{display:block}body{line-height:1}blockquote,q{quotes:none}blockquote:before,blockquote:after,q:before,q:after{content:'';content:none}table{border-collapse:collapse;border-spacing:0}html{box-sizing:border-box}*,*:before,*:after{box-sizing:inherit}.cf:after{content:'';display:table;clear:both}.skip-content{position:absolute;padding:1em;top:-3.5em;left:2em;z-index:100;color:#fff}.skip-content:focus{position:absolute;top:0;background-color:#000}.visually-hidden{position:absolute;overflow:hidden;margin:-1px;padding:0;height:1px;width:1px;clip:rect(0 0 0 0);border:0}h1,.alpha{font-size:2.625rem}h2,.beta{font-size:2.25rem}h3,.gamma{font-size:1.875rem}h4,.delta{font-size:1.5rem}h5,.epsilon{font-size:1.125rem}h6,.zeta{font-size:1rem}p{margin-bottom:24}strong{font-weight:bold}em{font-style:italic}a{color:#ffce00}a:hover,a:active,a:focus{color:#ddd;text-decoration:none}q{quotes:'\201C' '\201D' '\2018' '\2019'}q:before{content:open-quote}q:after{content:close-quote}blockquote{margin-bottom:24}blockquote p:before{content:'\201C'}blockquote p:after{content:'\201D'}img{max-width:100%;font-style:italic;vertical-align:middle}.gm-style img,img[width],img[height]{max-width:none}ul,ol{margin-bottom:0.9375em;margin-left:1.25em}ul li{list-style:disc}li{font-size:1rem}li>ul,li>ol{margin-bottom:0}table{width:100%;border:1px solid;border-collapse:collapse}th,td{border:1px solid;text-align:left}fieldset{border:0}label{display:block;cursor:pointer}input{display:block}input[type="text"],input[type="email"],input[type="tel"],input[type="search"],input[type="number"],input[type="date"],input[type="url"],input[type="password"],textarea{font-size:1rem;padding:10px;width:100%;border:1px solid;-webkit-appearance:none}input[type="submit"],button{-webkit-appearance:none}html{overflow-y:scroll;min-height:100%;-webkit-text-size-adjust:100%;-ms-text-size-adjust:100%;text-size-adjust:100%;-moz-osx-font-smoothing:grayscale;-webkit-font-smoothing:antialiased;color:#212121;background-color:#fff}body{font-size:1rem}.wrap{margin:0 auto;width:1200px;max-width:95%}#cookie-banner{padding:15px 0;background-color:#000}#cookie-banner .wrap{overflow:hidden}#cookie-banner p{line-height:1.3;color:#fff}#cookie-banner a{color:#fff}#cookie-banner .btn{padding:10px 15px;float:left;text-decoration:none;color:#000;background-color:#fff}@media (min-width: 37.5em){#cookie-banner p{width:87.38739%;float:left;margin-right:0.9009%;margin:0}#cookie-banner .btn{float:right}}.message-box{margin-bottom:10px;padding:10px;border:1px solid}.message-box p{margin-bottom:0;font-weight:bold}.message-box--error{color:#7f3232;background-color:#fe6565;border-color:#7f3232}.message-box--warning{color:#7e7e66;background-color:#fdfdcc;border-color:#7e7e66}.message-box--success{color:#5b6c42;background-color:#b7d985;border-color:#5b6c42}.message-text{font-weight:bold}.message-text--error{color:#960101}.message-text--warning{color:#919106}.message-text--success{color:#506f23}

main.css
4: warning at line 1, col 790
The universal selector (*) is known to be slow.
html,body,div,span,applet,object,iframe,h1,h2,h3,h4,h5,h6,p,blockquote,pre,a,abbr,acronym,address,big,cite,code,del,dfn,em,img,ins,kbd,q,s,samp,small,strike,strong,sub,sup,tt,var,b,u,i,center,dl,dt,dd,ol,ul,li,fieldset,form,label,legend,table,caption,tbody,tfoot,thead,tr,th,td,article,aside,canvas,details,embed,figure,figcaption,footer,header,hgroup,menu,nav,output,ruby,section,summary,time,mark,audio,video{margin:0;padding:0;border:0;font-size:100%;font:inherit;vertical-align:baseline}article,aside,details,figcaption,figure,footer,header,hgroup,menu,nav,section{display:block}body{line-height:1}blockquote,q{quotes:none}blockquote:before,blockquote:after,q:before,q:after{content:'';content:none}table{border-collapse:collapse;border-spacing:0}html{box-sizing:border-box}*,*:before,*:after{box-sizing:inherit}.cf:after{content:'';display:table;clear:both}.skip-content{position:absolute;padding:1em;top:-3.5em;left:2em;z-index:100;color:#fff}.skip-content:focus{position:absolute;top:0;background-color:#000}.visually-hidden{position:absolute;overflow:hidden;margin:-1px;padding:0;height:1px;width:1px;clip:rect(0 0 0 0);border:0}h1,.alpha{font-size:2.625rem}h2,.beta{font-size:2.25rem}h3,.gamma{font-size:1.875rem}h4,.delta{font-size:1.5rem}h5,.epsilon{font-size:1.125rem}h6,.zeta{font-size:1rem}p{margin-bottom:24}strong{font-weight:bold}em{font-style:italic}a{color:#ffce00}a:hover,a:active,a:focus{color:#ddd;text-decoration:none}q{quotes:'\201C' '\201D' '\2018' '\2019'}q:before{content:open-quote}q:after{content:close-quote}blockquote{margin-bottom:24}blockquote p:before{content:'\201C'}blockquote p:after{content:'\201D'}img{max-width:100%;font-style:italic;vertical-align:middle}.gm-style img,img[width],img[height]{max-width:none}ul,ol{margin-bottom:0.9375em;margin-left:1.25em}ul li{list-style:disc}li{font-size:1rem}li>ul,li>ol{margin-bottom:0}table{width:100%;border:1px solid;border-collapse:collapse}th,td{border:1px solid;text-align:left}fieldset{border:0}label{display:block;cursor:pointer}input{display:block}input[type="text"],input[type="email"],input[type="tel"],input[type="search"],input[type="number"],input[type="date"],input[type="url"],input[type="password"],textarea{font-size:1rem;padding:10px;width:100%;border:1px solid;-webkit-appearance:none}input[type="submit"],button{-webkit-appearance:none}html{overflow-y:scroll;min-height:100%;-webkit-text-size-adjust:100%;-ms-text-size-adjust:100%;text-size-adjust:100%;-moz-osx-font-smoothing:grayscale;-webkit-font-smoothing:antialiased;color:#212121;background-color:#fff}body{font-size:1rem}.wrap{margin:0 auto;width:1200px;max-width:95%}#cookie-banner{padding:15px 0;background-color:#000}#cookie-banner .wrap{overflow:hidden}#cookie-banner p{line-height:1.3;color:#fff}#cookie-banner a{color:#fff}#cookie-banner .btn{padding:10px 15px;float:left;text-decoration:none;color:#000;background-color:#fff}@media (min-width: 37.5em){#cookie-banner p{width:87.38739%;float:left;margin-right:0.9009%;margin:0}#cookie-banner .btn{float:right}}.message-box{margin-bottom:10px;padding:10px;border:1px solid}.message-box p{margin-bottom:0;font-weight:bold}.message-box--error{color:#7f3232;background-color:#fe6565;border-color:#7f3232}.message-box--warning{color:#7e7e66;background-color:#fdfdcc;border-color:#7e7e66}.message-box--success{color:#5b6c42;background-color:#b7d985;border-color:#5b6c42}.message-text{font-weight:bold}.message-text--error{color:#960101}.message-text--warning{color:#919106}.message-text--success{color:#506f23}

main.css
5: warning at line 1, col 798
The box-sizing property isn't supported in IE6 and IE7.
html,body,div,span,applet,object,iframe,h1,h2,h3,h4,h5,h6,p,blockquote,pre,a,abbr,acronym,address,big,cite,code,del,dfn,em,img,ins,kbd,q,s,samp,small,strike,strong,sub,sup,tt,var,b,u,i,center,dl,dt,dd,ol,ul,li,fieldset,form,label,legend,table,caption,tbody,tfoot,thead,tr,th,td,article,aside,canvas,details,embed,figure,figcaption,footer,header,hgroup,menu,nav,output,ruby,section,summary,time,mark,audio,video{margin:0;padding:0;border:0;font-size:100%;font:inherit;vertical-align:baseline}article,aside,details,figcaption,figure,footer,header,hgroup,menu,nav,section{display:block}body{line-height:1}blockquote,q{quotes:none}blockquote:before,blockquote:after,q:before,q:after{content:'';content:none}table{border-collapse:collapse;border-spacing:0}html{box-sizing:border-box}*,*:before,*:after{box-sizing:inherit}.cf:after{content:'';display:table;clear:both}.skip-content{position:absolute;padding:1em;top:-3.5em;left:2em;z-index:100;color:#fff}.skip-content:focus{position:absolute;top:0;background-color:#000}.visually-hidden{position:absolute;overflow:hidden;margin:-1px;padding:0;height:1px;width:1px;clip:rect(0 0 0 0);border:0}h1,.alpha{font-size:2.625rem}h2,.beta{font-size:2.25rem}h3,.gamma{font-size:1.875rem}h4,.delta{font-size:1.5rem}h5,.epsilon{font-size:1.125rem}h6,.zeta{font-size:1rem}p{margin-bottom:24}strong{font-weight:bold}em{font-style:italic}a{color:#ffce00}a:hover,a:active,a:focus{color:#ddd;text-decoration:none}q{quotes:'\201C' '\201D' '\2018' '\2019'}q:before{content:open-quote}q:after{content:close-quote}blockquote{margin-bottom:24}blockquote p:before{content:'\201C'}blockquote p:after{content:'\201D'}img{max-width:100%;font-style:italic;vertical-align:middle}.gm-style img,img[width],img[height]{max-width:none}ul,ol{margin-bottom:0.9375em;margin-left:1.25em}ul li{list-style:disc}li{font-size:1rem}li>ul,li>ol{margin-bottom:0}table{width:100%;border:1px solid;border-collapse:collapse}th,td{border:1px solid;text-align:left}fieldset{border:0}label{display:block;cursor:pointer}input{display:block}input[type="text"],input[type="email"],input[type="tel"],input[type="search"],input[type="number"],input[type="date"],input[type="url"],input[type="password"],textarea{font-size:1rem;padding:10px;width:100%;border:1px solid;-webkit-appearance:none}input[type="submit"],button{-webkit-appearance:none}html{overflow-y:scroll;min-height:100%;-webkit-text-size-adjust:100%;-ms-text-size-adjust:100%;text-size-adjust:100%;-moz-osx-font-smoothing:grayscale;-webkit-font-smoothing:antialiased;color:#212121;background-color:#fff}body{font-size:1rem}.wrap{margin:0 auto;width:1200px;max-width:95%}#cookie-banner{padding:15px 0;background-color:#000}#cookie-banner .wrap{overflow:hidden}#cookie-banner p{line-height:1.3;color:#fff}#cookie-banner a{color:#fff}#cookie-banner .btn{padding:10px 15px;float:left;text-decoration:none;color:#000;background-color:#fff}@media (min-width: 37.5em){#cookie-banner p{width:87.38739%;float:left;margin-right:0.9009%;margin:0}#cookie-banner .btn{float:right}}.message-box{margin-bottom:10px;padding:10px;border:1px solid}.message-box p{margin-bottom:0;font-weight:bold}.message-box--error{color:#7f3232;background-color:#fe6565;border-color:#7f3232}.message-box--warning{color:#7e7e66;background-color:#fdfdcc;border-color:#7e7e66}.message-box--success{color:#5b6c42;background-color:#b7d985;border-color:#5b6c42}.message-text{font-weight:bold}.message-text--error{color:#960101}.message-text--warning{color:#919106}.message-text--success{color:#506f23}

main.css
6: warning at line 1, col 1138
Heading (h1) has already been defined.
html,body,div,span,applet,object,iframe,h1,h2,h3,h4,h5,h6,p,blockquote,pre,a,abbr,acronym,address,big,cite,code,del,dfn,em,img,ins,kbd,q,s,samp,small,strike,strong,sub,sup,tt,var,b,u,i,center,dl,dt,dd,ol,ul,li,fieldset,form,label,legend,table,caption,tbody,tfoot,thead,tr,th,td,article,aside,canvas,details,embed,figure,figcaption,footer,header,hgroup,menu,nav,output,ruby,section,summary,time,mark,audio,video{margin:0;padding:0;border:0;font-size:100%;font:inherit;vertical-align:baseline}article,aside,details,figcaption,figure,footer,header,hgroup,menu,nav,section{display:block}body{line-height:1}blockquote,q{quotes:none}blockquote:before,blockquote:after,q:before,q:after{content:'';content:none}table{border-collapse:collapse;border-spacing:0}html{box-sizing:border-box}*,*:before,*:after{box-sizing:inherit}.cf:after{content:'';display:table;clear:both}.skip-content{position:absolute;padding:1em;top:-3.5em;left:2em;z-index:100;color:#fff}.skip-content:focus{position:absolute;top:0;background-color:#000}.visually-hidden{position:absolute;overflow:hidden;margin:-1px;padding:0;height:1px;width:1px;clip:rect(0 0 0 0);border:0}h1,.alpha{font-size:2.625rem}h2,.beta{font-size:2.25rem}h3,.gamma{font-size:1.875rem}h4,.delta{font-size:1.5rem}h5,.epsilon{font-size:1.125rem}h6,.zeta{font-size:1rem}p{margin-bottom:24}strong{font-weight:bold}em{font-style:italic}a{color:#ffce00}a:hover,a:active,a:focus{color:#ddd;text-decoration:none}q{quotes:'\201C' '\201D' '\2018' '\2019'}q:before{content:open-quote}q:after{content:close-quote}blockquote{margin-bottom:24}blockquote p:before{content:'\201C'}blockquote p:after{content:'\201D'}img{max-width:100%;font-style:italic;vertical-align:middle}.gm-style img,img[width],img[height]{max-width:none}ul,ol{margin-bottom:0.9375em;margin-left:1.25em}ul li{list-style:disc}li{font-size:1rem}li>ul,li>ol{margin-bottom:0}table{width:100%;border:1px solid;border-collapse:collapse}th,td{border:1px solid;text-align:left}fieldset{border:0}label{display:block;cursor:pointer}input{display:block}input[type="text"],input[type="email"],input[type="tel"],input[type="search"],input[type="number"],input[type="date"],input[type="url"],input[type="password"],textarea{font-size:1rem;padding:10px;width:100%;border:1px solid;-webkit-appearance:none}input[type="submit"],button{-webkit-appearance:none}html{overflow-y:scroll;min-height:100%;-webkit-text-size-adjust:100%;-ms-text-size-adjust:100%;text-size-adjust:100%;-moz-osx-font-smoothing:grayscale;-webkit-font-smoothing:antialiased;color:#212121;background-color:#fff}body{font-size:1rem}.wrap{margin:0 auto;width:1200px;max-width:95%}#cookie-banner{padding:15px 0;background-color:#000}#cookie-banner .wrap{overflow:hidden}#cookie-banner p{line-height:1.3;color:#fff}#cookie-banner a{color:#fff}#cookie-banner .btn{padding:10px 15px;float:left;text-decoration:none;color:#000;background-color:#fff}@media (min-width: 37.5em){#cookie-banner p{width:87.38739%;float:left;margin-right:0.9009%;margin:0}#cookie-banner .btn{float:right}}.message-box{margin-bottom:10px;padding:10px;border:1px solid}.message-box p{margin-bottom:0;font-weight:bold}.message-box--error{color:#7f3232;background-color:#fe6565;border-color:#7f3232}.message-box--warning{color:#7e7e66;background-color:#fdfdcc;border-color:#7e7e66}.message-box--success{color:#5b6c42;background-color:#b7d985;border-color:#5b6c42}.message-text{font-weight:bold}.message-text--error{color:#960101}.message-text--warning{color:#919106}.message-text--success{color:#506f23}

main.css
7: warning at line 1, col 1167
Heading (h2) has already been defined.
html,body,div,span,applet,object,iframe,h1,h2,h3,h4,h5,h6,p,blockquote,pre,a,abbr,acronym,address,big,cite,code,del,dfn,em,img,ins,kbd,q,s,samp,small,strike,strong,sub,sup,tt,var,b,u,i,center,dl,dt,dd,ol,ul,li,fieldset,form,label,legend,table,caption,tbody,tfoot,thead,tr,th,td,article,aside,canvas,details,embed,figure,figcaption,footer,header,hgroup,menu,nav,output,ruby,section,summary,time,mark,audio,video{margin:0;padding:0;border:0;font-size:100%;font:inherit;vertical-align:baseline}article,aside,details,figcaption,figure,footer,header,hgroup,menu,nav,section{display:block}body{line-height:1}blockquote,q{quotes:none}blockquote:before,blockquote:after,q:before,q:after{content:'';content:none}table{border-collapse:collapse;border-spacing:0}html{box-sizing:border-box}*,*:before,*:after{box-sizing:inherit}.cf:after{content:'';display:table;clear:both}.skip-content{position:absolute;padding:1em;top:-3.5em;left:2em;z-index:100;color:#fff}.skip-content:focus{position:absolute;top:0;background-color:#000}.visually-hidden{position:absolute;overflow:hidden;margin:-1px;padding:0;height:1px;width:1px;clip:rect(0 0 0 0);border:0}h1,.alpha{font-size:2.625rem}h2,.beta{font-size:2.25rem}h3,.gamma{font-size:1.875rem}h4,.delta{font-size:1.5rem}h5,.epsilon{font-size:1.125rem}h6,.zeta{font-size:1rem}p{margin-bottom:24}strong{font-weight:bold}em{font-style:italic}a{color:#ffce00}a:hover,a:active,a:focus{color:#ddd;text-decoration:none}q{quotes:'\201C' '\201D' '\2018' '\2019'}q:before{content:open-quote}q:after{content:close-quote}blockquote{margin-bottom:24}blockquote p:before{content:'\201C'}blockquote p:after{content:'\201D'}img{max-width:100%;font-style:italic;vertical-align:middle}.gm-style img,img[width],img[height]{max-width:none}ul,ol{margin-bottom:0.9375em;margin-left:1.25em}ul li{list-style:disc}li{font-size:1rem}li>ul,li>ol{margin-bottom:0}table{width:100%;border:1px solid;border-collapse:collapse}th,td{border:1px solid;text-align:left}fieldset{border:0}label{display:block;cursor:pointer}input{display:block}input[type="text"],input[type="email"],input[type="tel"],input[type="search"],input[type="number"],input[type="date"],input[type="url"],input[type="password"],textarea{font-size:1rem;padding:10px;width:100%;border:1px solid;-webkit-appearance:none}input[type="submit"],button{-webkit-appearance:none}html{overflow-y:scroll;min-height:100%;-webkit-text-size-adjust:100%;-ms-text-size-adjust:100%;text-size-adjust:100%;-moz-osx-font-smoothing:grayscale;-webkit-font-smoothing:antialiased;color:#212121;background-color:#fff}body{font-size:1rem}.wrap{margin:0 auto;width:1200px;max-width:95%}#cookie-banner{padding:15px 0;background-color:#000}#cookie-banner .wrap{overflow:hidden}#cookie-banner p{line-height:1.3;color:#fff}#cookie-banner a{color:#fff}#cookie-banner .btn{padding:10px 15px;float:left;text-decoration:none;color:#000;background-color:#fff}@media (min-width: 37.5em){#cookie-banner p{width:87.38739%;float:left;margin-right:0.9009%;margin:0}#cookie-banner .btn{float:right}}.message-box{margin-bottom:10px;padding:10px;border:1px solid}.message-box p{margin-bottom:0;font-weight:bold}.message-box--error{color:#7f3232;background-color:#fe6565;border-color:#7f3232}.message-box--warning{color:#7e7e66;background-color:#fdfdcc;border-color:#7e7e66}.message-box--success{color:#5b6c42;background-color:#b7d985;border-color:#5b6c42}.message-text{font-weight:bold}.message-text--error{color:#960101}.message-text--warning{color:#919106}.message-text--success{color:#506f23}

main.css
8: warning at line 1, col 1194
Heading (h3) has already been defined.
html,body,div,span,applet,object,iframe,h1,h2,h3,h4,h5,h6,p,blockquote,pre,a,abbr,acronym,address,big,cite,code,del,dfn,em,img,ins,kbd,q,s,samp,small,strike,strong,sub,sup,tt,var,b,u,i,center,dl,dt,dd,ol,ul,li,fieldset,form,label,legend,table,caption,tbody,tfoot,thead,tr,th,td,article,aside,canvas,details,embed,figure,figcaption,footer,header,hgroup,menu,nav,output,ruby,section,summary,time,mark,audio,video{margin:0;padding:0;border:0;font-size:100%;font:inherit;vertical-align:baseline}article,aside,details,figcaption,figure,footer,header,hgroup,menu,nav,section{display:block}body{line-height:1}blockquote,q{quotes:none}blockquote:before,blockquote:after,q:before,q:after{content:'';content:none}table{border-collapse:collapse;border-spacing:0}html{box-sizing:border-box}*,*:before,*:after{box-sizing:inherit}.cf:after{content:'';display:table;clear:both}.skip-content{position:absolute;padding:1em;top:-3.5em;left:2em;z-index:100;color:#fff}.skip-content:focus{position:absolute;top:0;background-color:#000}.visually-hidden{position:absolute;overflow:hidden;margin:-1px;padding:0;height:1px;width:1px;clip:rect(0 0 0 0);border:0}h1,.alpha{font-size:2.625rem}h2,.beta{font-size:2.25rem}h3,.gamma{font-size:1.875rem}h4,.delta{font-size:1.5rem}h5,.epsilon{font-size:1.125rem}h6,.zeta{font-size:1rem}p{margin-bottom:24}strong{font-weight:bold}em{font-style:italic}a{color:#ffce00}a:hover,a:active,a:focus{color:#ddd;text-decoration:none}q{quotes:'\201C' '\201D' '\2018' '\2019'}q:before{content:open-quote}q:after{content:close-quote}blockquote{margin-bottom:24}blockquote p:before{content:'\201C'}blockquote p:after{content:'\201D'}img{max-width:100%;font-style:italic;vertical-align:middle}.gm-style img,img[width],img[height]{max-width:none}ul,ol{margin-bottom:0.9375em;margin-left:1.25em}ul li{list-style:disc}li{font-size:1rem}li>ul,li>ol{margin-bottom:0}table{width:100%;border:1px solid;border-collapse:collapse}th,td{border:1px solid;text-align:left}fieldset{border:0}label{display:block;cursor:pointer}input{display:block}input[type="text"],input[type="email"],input[type="tel"],input[type="search"],input[type="number"],input[type="date"],input[type="url"],input[type="password"],textarea{font-size:1rem;padding:10px;width:100%;border:1px solid;-webkit-appearance:none}input[type="submit"],button{-webkit-appearance:none}html{overflow-y:scroll;min-height:100%;-webkit-text-size-adjust:100%;-ms-text-size-adjust:100%;text-size-adjust:100%;-moz-osx-font-smoothing:grayscale;-webkit-font-smoothing:antialiased;color:#212121;background-color:#fff}body{font-size:1rem}.wrap{margin:0 auto;width:1200px;max-width:95%}#cookie-banner{padding:15px 0;background-color:#000}#cookie-banner .wrap{overflow:hidden}#cookie-banner p{line-height:1.3;color:#fff}#cookie-banner a{color:#fff}#cookie-banner .btn{padding:10px 15px;float:left;text-decoration:none;color:#000;background-color:#fff}@media (min-width: 37.5em){#cookie-banner p{width:87.38739%;float:left;margin-right:0.9009%;margin:0}#cookie-banner .btn{float:right}}.message-box{margin-bottom:10px;padding:10px;border:1px solid}.message-box p{margin-bottom:0;font-weight:bold}.message-box--error{color:#7f3232;background-color:#fe6565;border-color:#7f3232}.message-box--warning{color:#7e7e66;background-color:#fdfdcc;border-color:#7e7e66}.message-box--success{color:#5b6c42;background-color:#b7d985;border-color:#5b6c42}.message-text{font-weight:bold}.message-text--error{color:#960101}.message-text--warning{color:#919106}.message-text--success{color:#506f23}

main.css
9: warning at line 1, col 1223
Heading (h4) has already been defined.
html,body,div,span,applet,object,iframe,h1,h2,h3,h4,h5,h6,p,blockquote,pre,a,abbr,acronym,address,big,cite,code,del,dfn,em,img,ins,kbd,q,s,samp,small,strike,strong,sub,sup,tt,var,b,u,i,center,dl,dt,dd,ol,ul,li,fieldset,form,label,legend,table,caption,tbody,tfoot,thead,tr,th,td,article,aside,canvas,details,embed,figure,figcaption,footer,header,hgroup,menu,nav,output,ruby,section,summary,time,mark,audio,video{margin:0;padding:0;border:0;font-size:100%;font:inherit;vertical-align:baseline}article,aside,details,figcaption,figure,footer,header,hgroup,menu,nav,section{display:block}body{line-height:1}blockquote,q{quotes:none}blockquote:before,blockquote:after,q:before,q:after{content:'';content:none}table{border-collapse:collapse;border-spacing:0}html{box-sizing:border-box}*,*:before,*:after{box-sizing:inherit}.cf:after{content:'';display:table;clear:both}.skip-content{position:absolute;padding:1em;top:-3.5em;left:2em;z-index:100;color:#fff}.skip-content:focus{position:absolute;top:0;background-color:#000}.visually-hidden{position:absolute;overflow:hidden;margin:-1px;padding:0;height:1px;width:1px;clip:rect(0 0 0 0);border:0}h1,.alpha{font-size:2.625rem}h2,.beta{font-size:2.25rem}h3,.gamma{font-size:1.875rem}h4,.delta{font-size:1.5rem}h5,.epsilon{font-size:1.125rem}h6,.zeta{font-size:1rem}p{margin-bottom:24}strong{font-weight:bold}em{font-style:italic}a{color:#ffce00}a:hover,a:active,a:focus{color:#ddd;text-decoration:none}q{quotes:'\201C' '\201D' '\2018' '\2019'}q:before{content:open-quote}q:after{content:close-quote}blockquote{margin-bottom:24}blockquote p:before{content:'\201C'}blockquote p:after{content:'\201D'}img{max-width:100%;font-style:italic;vertical-align:middle}.gm-style img,img[width],img[height]{max-width:none}ul,ol{margin-bottom:0.9375em;margin-left:1.25em}ul li{list-style:disc}li{font-size:1rem}li>ul,li>ol{margin-bottom:0}table{width:100%;border:1px solid;border-collapse:collapse}th,td{border:1px solid;text-align:left}fieldset{border:0}label{display:block;cursor:pointer}input{display:block}input[type="text"],input[type="email"],input[type="tel"],input[type="search"],input[type="number"],input[type="date"],input[type="url"],input[type="password"],textarea{font-size:1rem;padding:10px;width:100%;border:1px solid;-webkit-appearance:none}input[type="submit"],button{-webkit-appearance:none}html{overflow-y:scroll;min-height:100%;-webkit-text-size-adjust:100%;-ms-text-size-adjust:100%;text-size-adjust:100%;-moz-osx-font-smoothing:grayscale;-webkit-font-smoothing:antialiased;color:#212121;background-color:#fff}body{font-size:1rem}.wrap{margin:0 auto;width:1200px;max-width:95%}#cookie-banner{padding:15px 0;background-color:#000}#cookie-banner .wrap{overflow:hidden}#cookie-banner p{line-height:1.3;color:#fff}#cookie-banner a{color:#fff}#cookie-banner .btn{padding:10px 15px;float:left;text-decoration:none;color:#000;background-color:#fff}@media (min-width: 37.5em){#cookie-banner p{width:87.38739%;float:left;margin-right:0.9009%;margin:0}#cookie-banner .btn{float:right}}.message-box{margin-bottom:10px;padding:10px;border:1px solid}.message-box p{margin-bottom:0;font-weight:bold}.message-box--error{color:#7f3232;background-color:#fe6565;border-color:#7f3232}.message-box--warning{color:#7e7e66;background-color:#fdfdcc;border-color:#7e7e66}.message-box--success{color:#5b6c42;background-color:#b7d985;border-color:#5b6c42}.message-text{font-weight:bold}.message-text--error{color:#960101}.message-text--warning{color:#919106}.message-text--success{color:#506f23}

main.css
10: warning at line 1, col 1250
Heading (h5) has already been defined.
html,body,div,span,applet,object,iframe,h1,h2,h3,h4,h5,h6,p,blockquote,pre,a,abbr,acronym,address,big,cite,code,del,dfn,em,img,ins,kbd,q,s,samp,small,strike,strong,sub,sup,tt,var,b,u,i,center,dl,dt,dd,ol,ul,li,fieldset,form,label,legend,table,caption,tbody,tfoot,thead,tr,th,td,article,aside,canvas,details,embed,figure,figcaption,footer,header,hgroup,menu,nav,output,ruby,section,summary,time,mark,audio,video{margin:0;padding:0;border:0;font-size:100%;font:inherit;vertical-align:baseline}article,aside,details,figcaption,figure,footer,header,hgroup,menu,nav,section{display:block}body{line-height:1}blockquote,q{quotes:none}blockquote:before,blockquote:after,q:before,q:after{content:'';content:none}table{border-collapse:collapse;border-spacing:0}html{box-sizing:border-box}*,*:before,*:after{box-sizing:inherit}.cf:after{content:'';display:table;clear:both}.skip-content{position:absolute;padding:1em;top:-3.5em;left:2em;z-index:100;color:#fff}.skip-content:focus{position:absolute;top:0;background-color:#000}.visually-hidden{position:absolute;overflow:hidden;margin:-1px;padding:0;height:1px;width:1px;clip:rect(0 0 0 0);border:0}h1,.alpha{font-size:2.625rem}h2,.beta{font-size:2.25rem}h3,.gamma{font-size:1.875rem}h4,.delta{font-size:1.5rem}h5,.epsilon{font-size:1.125rem}h6,.zeta{font-size:1rem}p{margin-bottom:24}strong{font-weight:bold}em{font-style:italic}a{color:#ffce00}a:hover,a:active,a:focus{color:#ddd;text-decoration:none}q{quotes:'\201C' '\201D' '\2018' '\2019'}q:before{content:open-quote}q:after{content:close-quote}blockquote{margin-bottom:24}blockquote p:before{content:'\201C'}blockquote p:after{content:'\201D'}img{max-width:100%;font-style:italic;vertical-align:middle}.gm-style img,img[width],img[height]{max-width:none}ul,ol{margin-bottom:0.9375em;margin-left:1.25em}ul li{list-style:disc}li{font-size:1rem}li>ul,li>ol{margin-bottom:0}table{width:100%;border:1px solid;border-collapse:collapse}th,td{border:1px solid;text-align:left}fieldset{border:0}label{display:block;cursor:pointer}input{display:block}input[type="text"],input[type="email"],input[type="tel"],input[type="search"],input[type="number"],input[type="date"],input[type="url"],input[type="password"],textarea{font-size:1rem;padding:10px;width:100%;border:1px solid;-webkit-appearance:none}input[type="submit"],button{-webkit-appearance:none}html{overflow-y:scroll;min-height:100%;-webkit-text-size-adjust:100%;-ms-text-size-adjust:100%;text-size-adjust:100%;-moz-osx-font-smoothing:grayscale;-webkit-font-smoothing:antialiased;color:#212121;background-color:#fff}body{font-size:1rem}.wrap{margin:0 auto;width:1200px;max-width:95%}#cookie-banner{padding:15px 0;background-color:#000}#cookie-banner .wrap{overflow:hidden}#cookie-banner p{line-height:1.3;color:#fff}#cookie-banner a{color:#fff}#cookie-banner .btn{padding:10px 15px;float:left;text-decoration:none;color:#000;background-color:#fff}@media (min-width: 37.5em){#cookie-banner p{width:87.38739%;float:left;margin-right:0.9009%;margin:0}#cookie-banner .btn{float:right}}.message-box{margin-bottom:10px;padding:10px;border:1px solid}.message-box p{margin-bottom:0;font-weight:bold}.message-box--error{color:#7f3232;background-color:#fe6565;border-color:#7f3232}.message-box--warning{color:#7e7e66;background-color:#fdfdcc;border-color:#7e7e66}.message-box--success{color:#5b6c42;background-color:#b7d985;border-color:#5b6c42}.message-text{font-weight:bold}.message-text--error{color:#960101}.message-text--warning{color:#919106}.message-text--success{color:#506f23}

main.css
11: warning at line 1, col 1281
Heading (h6) has already been defined.
html,body,div,span,applet,object,iframe,h1,h2,h3,h4,h5,h6,p,blockquote,pre,a,abbr,acronym,address,big,cite,code,del,dfn,em,img,ins,kbd,q,s,samp,small,strike,strong,sub,sup,tt,var,b,u,i,center,dl,dt,dd,ol,ul,li,fieldset,form,label,legend,table,caption,tbody,tfoot,thead,tr,th,td,article,aside,canvas,details,embed,figure,figcaption,footer,header,hgroup,menu,nav,output,ruby,section,summary,time,mark,audio,video{margin:0;padding:0;border:0;font-size:100%;font:inherit;vertical-align:baseline}article,aside,details,figcaption,figure,footer,header,hgroup,menu,nav,section{display:block}body{line-height:1}blockquote,q{quotes:none}blockquote:before,blockquote:after,q:before,q:after{content:'';content:none}table{border-collapse:collapse;border-spacing:0}html{box-sizing:border-box}*,*:before,*:after{box-sizing:inherit}.cf:after{content:'';display:table;clear:both}.skip-content{position:absolute;padding:1em;top:-3.5em;left:2em;z-index:100;color:#fff}.skip-content:focus{position:absolute;top:0;background-color:#000}.visually-hidden{position:absolute;overflow:hidden;margin:-1px;padding:0;height:1px;width:1px;clip:rect(0 0 0 0);border:0}h1,.alpha{font-size:2.625rem}h2,.beta{font-size:2.25rem}h3,.gamma{font-size:1.875rem}h4,.delta{font-size:1.5rem}h5,.epsilon{font-size:1.125rem}h6,.zeta{font-size:1rem}p{margin-bottom:24}strong{font-weight:bold}em{font-style:italic}a{color:#ffce00}a:hover,a:active,a:focus{color:#ddd;text-decoration:none}q{quotes:'\201C' '\201D' '\2018' '\2019'}q:before{content:open-quote}q:after{content:close-quote}blockquote{margin-bottom:24}blockquote p:before{content:'\201C'}blockquote p:after{content:'\201D'}img{max-width:100%;font-style:italic;vertical-align:middle}.gm-style img,img[width],img[height]{max-width:none}ul,ol{margin-bottom:0.9375em;margin-left:1.25em}ul li{list-style:disc}li{font-size:1rem}li>ul,li>ol{margin-bottom:0}table{width:100%;border:1px solid;border-collapse:collapse}th,td{border:1px solid;text-align:left}fieldset{border:0}label{display:block;cursor:pointer}input{display:block}input[type="text"],input[type="email"],input[type="tel"],input[type="search"],input[type="number"],input[type="date"],input[type="url"],input[type="password"],textarea{font-size:1rem;padding:10px;width:100%;border:1px solid;-webkit-appearance:none}input[type="submit"],button{-webkit-appearance:none}html{overflow-y:scroll;min-height:100%;-webkit-text-size-adjust:100%;-ms-text-size-adjust:100%;text-size-adjust:100%;-moz-osx-font-smoothing:grayscale;-webkit-font-smoothing:antialiased;color:#212121;background-color:#fff}body{font-size:1rem}.wrap{margin:0 auto;width:1200px;max-width:95%}#cookie-banner{padding:15px 0;background-color:#000}#cookie-banner .wrap{overflow:hidden}#cookie-banner p{line-height:1.3;color:#fff}#cookie-banner a{color:#fff}#cookie-banner .btn{padding:10px 15px;float:left;text-decoration:none;color:#000;background-color:#fff}@media (min-width: 37.5em){#cookie-banner p{width:87.38739%;float:left;margin-right:0.9009%;margin:0}#cookie-banner .btn{float:right}}.message-box{margin-bottom:10px;padding:10px;border:1px solid}.message-box p{margin-bottom:0;font-weight:bold}.message-box--error{color:#7f3232;background-color:#fe6565;border-color:#7f3232}.message-box--warning{color:#7e7e66;background-color:#fdfdcc;border-color:#7e7e66}.message-box--success{color:#5b6c42;background-color:#b7d985;border-color:#5b6c42}.message-text{font-weight:bold}.message-text--error{color:#960101}.message-text--warning{color:#919106}.message-text--success{color:#506f23}

main.css
12: warning at line 1, col 1882
Using width with border can sometimes make elements larger than you expect.
html,body,div,span,applet,object,iframe,h1,h2,h3,h4,h5,h6,p,blockquote,pre,a,abbr,acronym,address,big,cite,code,del,dfn,em,img,ins,kbd,q,s,samp,small,strike,strong,sub,sup,tt,var,b,u,i,center,dl,dt,dd,ol,ul,li,fieldset,form,label,legend,table,caption,tbody,tfoot,thead,tr,th,td,article,aside,canvas,details,embed,figure,figcaption,footer,header,hgroup,menu,nav,output,ruby,section,summary,time,mark,audio,video{margin:0;padding:0;border:0;font-size:100%;font:inherit;vertical-align:baseline}article,aside,details,figcaption,figure,footer,header,hgroup,menu,nav,section{display:block}body{line-height:1}blockquote,q{quotes:none}blockquote:before,blockquote:after,q:before,q:after{content:'';content:none}table{border-collapse:collapse;border-spacing:0}html{box-sizing:border-box}*,*:before,*:after{box-sizing:inherit}.cf:after{content:'';display:table;clear:both}.skip-content{position:absolute;padding:1em;top:-3.5em;left:2em;z-index:100;color:#fff}.skip-content:focus{position:absolute;top:0;background-color:#000}.visually-hidden{position:absolute;overflow:hidden;margin:-1px;padding:0;height:1px;width:1px;clip:rect(0 0 0 0);border:0}h1,.alpha{font-size:2.625rem}h2,.beta{font-size:2.25rem}h3,.gamma{font-size:1.875rem}h4,.delta{font-size:1.5rem}h5,.epsilon{font-size:1.125rem}h6,.zeta{font-size:1rem}p{margin-bottom:24}strong{font-weight:bold}em{font-style:italic}a{color:#ffce00}a:hover,a:active,a:focus{color:#ddd;text-decoration:none}q{quotes:'\201C' '\201D' '\2018' '\2019'}q:before{content:open-quote}q:after{content:close-quote}blockquote{margin-bottom:24}blockquote p:before{content:'\201C'}blockquote p:after{content:'\201D'}img{max-width:100%;font-style:italic;vertical-align:middle}.gm-style img,img[width],img[height]{max-width:none}ul,ol{margin-bottom:0.9375em;margin-left:1.25em}ul li{list-style:disc}li{font-size:1rem}li>ul,li>ol{margin-bottom:0}table{width:100%;border:1px solid;border-collapse:collapse}th,td{border:1px solid;text-align:left}fieldset{border:0}label{display:block;cursor:pointer}input{display:block}input[type="text"],input[type="email"],input[type="tel"],input[type="search"],input[type="number"],input[type="date"],input[type="url"],input[type="password"],textarea{font-size:1rem;padding:10px;width:100%;border:1px solid;-webkit-appearance:none}input[type="submit"],button{-webkit-appearance:none}html{overflow-y:scroll;min-height:100%;-webkit-text-size-adjust:100%;-ms-text-size-adjust:100%;text-size-adjust:100%;-moz-osx-font-smoothing:grayscale;-webkit-font-smoothing:antialiased;color:#212121;background-color:#fff}body{font-size:1rem}.wrap{margin:0 auto;width:1200px;max-width:95%}#cookie-banner{padding:15px 0;background-color:#000}#cookie-banner .wrap{overflow:hidden}#cookie-banner p{line-height:1.3;color:#fff}#cookie-banner a{color:#fff}#cookie-banner .btn{padding:10px 15px;float:left;text-decoration:none;color:#000;background-color:#fff}@media (min-width: 37.5em){#cookie-banner p{width:87.38739%;float:left;margin-right:0.9009%;margin:0}#cookie-banner .btn{float:right}}.message-box{margin-bottom:10px;padding:10px;border:1px solid}.message-box p{margin-bottom:0;font-weight:bold}.message-box--error{color:#7f3232;background-color:#fe6565;border-color:#7f3232}.message-box--warning{color:#7e7e66;background-color:#fdfdcc;border-color:#7e7e66}.message-box--success{color:#5b6c42;background-color:#b7d985;border-color:#5b6c42}.message-text{font-weight:bold}.message-text--error{color:#960101}.message-text--warning{color:#919106}.message-text--success{color:#506f23}

main.css
13: warning at line 1, col 2243
Using width with border can sometimes make elements larger than you expect.
html,body,div,span,applet,object,iframe,h1,h2,h3,h4,h5,h6,p,blockquote,pre,a,abbr,acronym,address,big,cite,code,del,dfn,em,img,ins,kbd,q,s,samp,small,strike,strong,sub,sup,tt,var,b,u,i,center,dl,dt,dd,ol,ul,li,fieldset,form,label,legend,table,caption,tbody,tfoot,thead,tr,th,td,article,aside,canvas,details,embed,figure,figcaption,footer,header,hgroup,menu,nav,output,ruby,section,summary,time,mark,audio,video{margin:0;padding:0;border:0;font-size:100%;font:inherit;vertical-align:baseline}article,aside,details,figcaption,figure,footer,header,hgroup,menu,nav,section{display:block}body{line-height:1}blockquote,q{quotes:none}blockquote:before,blockquote:after,q:before,q:after{content:'';content:none}table{border-collapse:collapse;border-spacing:0}html{box-sizing:border-box}*,*:before,*:after{box-sizing:inherit}.cf:after{content:'';display:table;clear:both}.skip-content{position:absolute;padding:1em;top:-3.5em;left:2em;z-index:100;color:#fff}.skip-content:focus{position:absolute;top:0;background-color:#000}.visually-hidden{position:absolute;overflow:hidden;margin:-1px;padding:0;height:1px;width:1px;clip:rect(0 0 0 0);border:0}h1,.alpha{font-size:2.625rem}h2,.beta{font-size:2.25rem}h3,.gamma{font-size:1.875rem}h4,.delta{font-size:1.5rem}h5,.epsilon{font-size:1.125rem}h6,.zeta{font-size:1rem}p{margin-bottom:24}strong{font-weight:bold}em{font-style:italic}a{color:#ffce00}a:hover,a:active,a:focus{color:#ddd;text-decoration:none}q{quotes:'\201C' '\201D' '\2018' '\2019'}q:before{content:open-quote}q:after{content:close-quote}blockquote{margin-bottom:24}blockquote p:before{content:'\201C'}blockquote p:after{content:'\201D'}img{max-width:100%;font-style:italic;vertical-align:middle}.gm-style img,img[width],img[height]{max-width:none}ul,ol{margin-bottom:0.9375em;margin-left:1.25em}ul li{list-style:disc}li{font-size:1rem}li>ul,li>ol{margin-bottom:0}table{width:100%;border:1px solid;border-collapse:collapse}th,td{border:1px solid;text-align:left}fieldset{border:0}label{display:block;cursor:pointer}input{display:block}input[type="text"],input[type="email"],input[type="tel"],input[type="search"],input[type="number"],input[type="date"],input[type="url"],input[type="password"],textarea{font-size:1rem;padding:10px;width:100%;border:1px solid;-webkit-appearance:none}input[type="submit"],button{-webkit-appearance:none}html{overflow-y:scroll;min-height:100%;-webkit-text-size-adjust:100%;-ms-text-size-adjust:100%;text-size-adjust:100%;-moz-osx-font-smoothing:grayscale;-webkit-font-smoothing:antialiased;color:#212121;background-color:#fff}body{font-size:1rem}.wrap{margin:0 auto;width:1200px;max-width:95%}#cookie-banner{padding:15px 0;background-color:#000}#cookie-banner .wrap{overflow:hidden}#cookie-banner p{line-height:1.3;color:#fff}#cookie-banner a{color:#fff}#cookie-banner .btn{padding:10px 15px;float:left;text-decoration:none;color:#000;background-color:#fff}@media (min-width: 37.5em){#cookie-banner p{width:87.38739%;float:left;margin-right:0.9009%;margin:0}#cookie-banner .btn{float:right}}.message-box{margin-bottom:10px;padding:10px;border:1px solid}.message-box p{margin-bottom:0;font-weight:bold}.message-box--error{color:#7f3232;background-color:#fe6565;border-color:#7f3232}.message-box--warning{color:#7e7e66;background-color:#fdfdcc;border-color:#7e7e66}.message-box--success{color:#5b6c42;background-color:#b7d985;border-color:#5b6c42}.message-text{font-weight:bold}.message-text--error{color:#960101}.message-text--warning{color:#919106}.message-text--success{color:#506f23}

main.css
14: warning at line 1, col 779
The universal selector (*) is known to be slow.
html,body,div,span,applet,object,iframe,h1,h2,h3,h4,h5,h6,p,blockquote,pre,a,abbr,acronym,address,big,cite,code,del,dfn,em,img,ins,kbd,q,s,samp,small,strike,strong,sub,sup,tt,var,b,u,i,center,dl,dt,dd,ol,ul,li,fieldset,form,label,legend,table,caption,tbody,tfoot,thead,tr,th,td,article,aside,canvas,details,embed,figure,figcaption,footer,header,hgroup,menu,nav,output,ruby,section,summary,time,mark,audio,video{margin:0;padding:0;border:0;font-size:100%;font:inherit;vertical-align:baseline}article,aside,details,figcaption,figure,footer,header,hgroup,menu,nav,section{display:block}body{line-height:1}blockquote,q{quotes:none}blockquote:before,blockquote:after,q:before,q:after{content:'';content:none}table{border-collapse:collapse;border-spacing:0}html{box-sizing:border-box}*,*:before,*:after{box-sizing:inherit}.cf:after{content:'';display:table;clear:both}.skip-content{position:absolute;padding:1em;top:-3.5em;left:2em;z-index:100;color:#fff}.skip-content:focus{position:absolute;top:0;background-color:#000}.visually-hidden{position:absolute;overflow:hidden;margin:-1px;padding:0;height:1px;width:1px;clip:rect(0 0 0 0);border:0}h1,.alpha{font-size:2.625rem}h2,.beta{font-size:2.25rem}h3,.gamma{font-size:1.875rem}h4,.delta{font-size:1.5rem}h5,.epsilon{font-size:1.125rem}h6,.zeta{font-size:1rem}p{margin-bottom:24}strong{font-weight:bold}em{font-style:italic}a{color:#ffce00}a:hover,a:active,a:focus{color:#ddd;text-decoration:none}q{quotes:'\201C' '\201D' '\2018' '\2019'}q:before{content:open-quote}q:after{content:close-quote}blockquote{margin-bottom:24}blockquote p:before{content:'\201C'}blockquote p:after{content:'\201D'}img{max-width:100%;font-style:italic;vertical-align:middle}.gm-style img,img[width],img[height]{max-width:none}ul,ol{margin-bottom:0.9375em;margin-left:1.25em}ul li{list-style:disc}li{font-size:1rem}li>ul,li>ol{margin-bottom:0}table{width:100%;border:1px solid;border-collapse:collapse}th,td{border:1px solid;text-align:left}fieldset{border:0}label{display:block;cursor:pointer}input{display:block}input[type="text"],input[type="email"],input[type="tel"],input[type="search"],input[type="number"],input[type="date"],input[type="url"],input[type="password"],textarea{font-size:1rem;padding:10px;width:100%;border:1px solid;-webkit-appearance:none}input[type="submit"],button{-webkit-appearance:none}html{overflow-y:scroll;min-height:100%;-webkit-text-size-adjust:100%;-ms-text-size-adjust:100%;text-size-adjust:100%;-moz-osx-font-smoothing:grayscale;-webkit-font-smoothing:antialiased;color:#212121;background-color:#fff}body{font-size:1rem}.wrap{margin:0 auto;width:1200px;max-width:95%}#cookie-banner{padding:15px 0;background-color:#000}#cookie-banner .wrap{overflow:hidden}#cookie-banner p{line-height:1.3;color:#fff}#cookie-banner a{color:#fff}#cookie-banner .btn{padding:10px 15px;float:left;text-decoration:none;color:#000;background-color:#fff}@media (min-width: 37.5em){#cookie-banner p{width:87.38739%;float:left;margin-right:0.9009%;margin:0}#cookie-banner .btn{float:right}}.message-box{margin-bottom:10px;padding:10px;border:1px solid}.message-box p{margin-bottom:0;font-weight:bold}.message-box--error{color:#7f3232;background-color:#fe6565;border-color:#7f3232}.message-box--warning{color:#7e7e66;background-color:#fdfdcc;border-color:#7e7e66}.message-box--success{color:#5b6c42;background-color:#b7d985;border-color:#5b6c42}.message-text{font-weight:bold}.message-text--error{color:#960101}.message-text--warning{color:#919106}.message-text--success{color:#506f23}

main.css
15: warning at line 1, col 2260
The property -moz-appearance is compatible with -webkit-appearance and should be included as well.
html,body,div,span,applet,object,iframe,h1,h2,h3,h4,h5,h6,p,blockquote,pre,a,abbr,acronym,address,big,cite,code,del,dfn,em,img,ins,kbd,q,s,samp,small,strike,strong,sub,sup,tt,var,b,u,i,center,dl,dt,dd,ol,ul,li,fieldset,form,label,legend,table,caption,tbody,tfoot,thead,tr,th,td,article,aside,canvas,details,embed,figure,figcaption,footer,header,hgroup,menu,nav,output,ruby,section,summary,time,mark,audio,video{margin:0;padding:0;border:0;font-size:100%;font:inherit;vertical-align:baseline}article,aside,details,figcaption,figure,footer,header,hgroup,menu,nav,section{display:block}body{line-height:1}blockquote,q{quotes:none}blockquote:before,blockquote:after,q:before,q:after{content:'';content:none}table{border-collapse:collapse;border-spacing:0}html{box-sizing:border-box}*,*:before,*:after{box-sizing:inherit}.cf:after{content:'';display:table;clear:both}.skip-content{position:absolute;padding:1em;top:-3.5em;left:2em;z-index:100;color:#fff}.skip-content:focus{position:absolute;top:0;background-color:#000}.visually-hidden{position:absolute;overflow:hidden;margin:-1px;padding:0;height:1px;width:1px;clip:rect(0 0 0 0);border:0}h1,.alpha{font-size:2.625rem}h2,.beta{font-size:2.25rem}h3,.gamma{font-size:1.875rem}h4,.delta{font-size:1.5rem}h5,.epsilon{font-size:1.125rem}h6,.zeta{font-size:1rem}p{margin-bottom:24}strong{font-weight:bold}em{font-style:italic}a{color:#ffce00}a:hover,a:active,a:focus{color:#ddd;text-decoration:none}q{quotes:'\201C' '\201D' '\2018' '\2019'}q:before{content:open-quote}q:after{content:close-quote}blockquote{margin-bottom:24}blockquote p:before{content:'\201C'}blockquote p:after{content:'\201D'}img{max-width:100%;font-style:italic;vertical-align:middle}.gm-style img,img[width],img[height]{max-width:none}ul,ol{margin-bottom:0.9375em;margin-left:1.25em}ul li{list-style:disc}li{font-size:1rem}li>ul,li>ol{margin-bottom:0}table{width:100%;border:1px solid;border-collapse:collapse}th,td{border:1px solid;text-align:left}fieldset{border:0}label{display:block;cursor:pointer}input{display:block}input[type="text"],input[type="email"],input[type="tel"],input[type="search"],input[type="number"],input[type="date"],input[type="url"],input[type="password"],textarea{font-size:1rem;padding:10px;width:100%;border:1px solid;-webkit-appearance:none}input[type="submit"],button{-webkit-appearance:none}html{overflow-y:scroll;min-height:100%;-webkit-text-size-adjust:100%;-ms-text-size-adjust:100%;text-size-adjust:100%;-moz-osx-font-smoothing:grayscale;-webkit-font-smoothing:antialiased;color:#212121;background-color:#fff}body{font-size:1rem}.wrap{margin:0 auto;width:1200px;max-width:95%}#cookie-banner{padding:15px 0;background-color:#000}#cookie-banner .wrap{overflow:hidden}#cookie-banner p{line-height:1.3;color:#fff}#cookie-banner a{color:#fff}#cookie-banner .btn{padding:10px 15px;float:left;text-decoration:none;color:#000;background-color:#fff}@media (min-width: 37.5em){#cookie-banner p{width:87.38739%;float:left;margin-right:0.9009%;margin:0}#cookie-banner .btn{float:right}}.message-box{margin-bottom:10px;padding:10px;border:1px solid}.message-box p{margin-bottom:0;font-weight:bold}.message-box--error{color:#7f3232;background-color:#fe6565;border-color:#7f3232}.message-box--warning{color:#7e7e66;background-color:#fdfdcc;border-color:#7e7e66}.message-box--success{color:#5b6c42;background-color:#b7d985;border-color:#5b6c42}.message-text{font-weight:bold}.message-text--error{color:#960101}.message-text--warning{color:#919106}.message-text--success{color:#506f23}

main.css
16: warning at line 1, col 2312
The property -moz-appearance is compatible with -webkit-appearance and should be included as well.
html,body,div,span,applet,object,iframe,h1,h2,h3,h4,h5,h6,p,blockquote,pre,a,abbr,acronym,address,big,cite,code,del,dfn,em,img,ins,kbd,q,s,samp,small,strike,strong,sub,sup,tt,var,b,u,i,center,dl,dt,dd,ol,ul,li,fieldset,form,label,legend,table,caption,tbody,tfoot,thead,tr,th,td,article,aside,canvas,details,embed,figure,figcaption,footer,header,hgroup,menu,nav,output,ruby,section,summary,time,mark,audio,video{margin:0;padding:0;border:0;font-size:100%;font:inherit;vertical-align:baseline}article,aside,details,figcaption,figure,footer,header,hgroup,menu,nav,section{display:block}body{line-height:1}blockquote,q{quotes:none}blockquote:before,blockquote:after,q:before,q:after{content:'';content:none}table{border-collapse:collapse;border-spacing:0}html{box-sizing:border-box}*,*:before,*:after{box-sizing:inherit}.cf:after{content:'';display:table;clear:both}.skip-content{position:absolute;padding:1em;top:-3.5em;left:2em;z-index:100;color:#fff}.skip-content:focus{position:absolute;top:0;background-color:#000}.visually-hidden{position:absolute;overflow:hidden;margin:-1px;padding:0;height:1px;width:1px;clip:rect(0 0 0 0);border:0}h1,.alpha{font-size:2.625rem}h2,.beta{font-size:2.25rem}h3,.gamma{font-size:1.875rem}h4,.delta{font-size:1.5rem}h5,.epsilon{font-size:1.125rem}h6,.zeta{font-size:1rem}p{margin-bottom:24}strong{font-weight:bold}em{font-style:italic}a{color:#ffce00}a:hover,a:active,a:focus{color:#ddd;text-decoration:none}q{quotes:'\201C' '\201D' '\2018' '\2019'}q:before{content:open-quote}q:after{content:close-quote}blockquote{margin-bottom:24}blockquote p:before{content:'\201C'}blockquote p:after{content:'\201D'}img{max-width:100%;font-style:italic;vertical-align:middle}.gm-style img,img[width],img[height]{max-width:none}ul,ol{margin-bottom:0.9375em;margin-left:1.25em}ul li{list-style:disc}li{font-size:1rem}li>ul,li>ol{margin-bottom:0}table{width:100%;border:1px solid;border-collapse:collapse}th,td{border:1px solid;text-align:left}fieldset{border:0}label{display:block;cursor:pointer}input{display:block}input[type="text"],input[type="email"],input[type="tel"],input[type="search"],input[type="number"],input[type="date"],input[type="url"],input[type="password"],textarea{font-size:1rem;padding:10px;width:100%;border:1px solid;-webkit-appearance:none}input[type="submit"],button{-webkit-appearance:none}html{overflow-y:scroll;min-height:100%;-webkit-text-size-adjust:100%;-ms-text-size-adjust:100%;text-size-adjust:100%;-moz-osx-font-smoothing:grayscale;-webkit-font-smoothing:antialiased;color:#212121;background-color:#fff}body{font-size:1rem}.wrap{margin:0 auto;width:1200px;max-width:95%}#cookie-banner{padding:15px 0;background-color:#000}#cookie-banner .wrap{overflow:hidden}#cookie-banner p{line-height:1.3;color:#fff}#cookie-banner a{color:#fff}#cookie-banner .btn{padding:10px 15px;float:left;text-decoration:none;color:#000;background-color:#fff}@media (min-width: 37.5em){#cookie-banner p{width:87.38739%;float:left;margin-right:0.9009%;margin:0}#cookie-banner .btn{float:right}}.message-box{margin-bottom:10px;padding:10px;border:1px solid}.message-box p{margin-bottom:0;font-weight:bold}.message-box--error{color:#7f3232;background-color:#fe6565;border-color:#7f3232}.message-box--warning{color:#7e7e66;background-color:#fdfdcc;border-color:#7e7e66}.message-box--success{color:#5b6c42;background-color:#b7d985;border-color:#5b6c42}.message-text{font-weight:bold}.message-text--error{color:#960101}.message-text--warning{color:#919106}.message-text--success{color:#506f23}

main.css
17: warning at line 1, col 2431
Unknown property 'text-size-adjust'.
html,body,div,span,applet,object,iframe,h1,h2,h3,h4,h5,h6,p,blockquote,pre,a,abbr,acronym,address,big,cite,code,del,dfn,em,img,ins,kbd,q,s,samp,small,strike,strong,sub,sup,tt,var,b,u,i,center,dl,dt,dd,ol,ul,li,fieldset,form,label,legend,table,caption,tbody,tfoot,thead,tr,th,td,article,aside,canvas,details,embed,figure,figcaption,footer,header,hgroup,menu,nav,output,ruby,section,summary,time,mark,audio,video{margin:0;padding:0;border:0;font-size:100%;font:inherit;vertical-align:baseline}article,aside,details,figcaption,figure,footer,header,hgroup,menu,nav,section{display:block}body{line-height:1}blockquote,q{quotes:none}blockquote:before,blockquote:after,q:before,q:after{content:'';content:none}table{border-collapse:collapse;border-spacing:0}html{box-sizing:border-box}*,*:before,*:after{box-sizing:inherit}.cf:after{content:'';display:table;clear:both}.skip-content{position:absolute;padding:1em;top:-3.5em;left:2em;z-index:100;color:#fff}.skip-content:focus{position:absolute;top:0;background-color:#000}.visually-hidden{position:absolute;overflow:hidden;margin:-1px;padding:0;height:1px;width:1px;clip:rect(0 0 0 0);border:0}h1,.alpha{font-size:2.625rem}h2,.beta{font-size:2.25rem}h3,.gamma{font-size:1.875rem}h4,.delta{font-size:1.5rem}h5,.epsilon{font-size:1.125rem}h6,.zeta{font-size:1rem}p{margin-bottom:24}strong{font-weight:bold}em{font-style:italic}a{color:#ffce00}a:hover,a:active,a:focus{color:#ddd;text-decoration:none}q{quotes:'\201C' '\201D' '\2018' '\2019'}q:before{content:open-quote}q:after{content:close-quote}blockquote{margin-bottom:24}blockquote p:before{content:'\201C'}blockquote p:after{content:'\201D'}img{max-width:100%;font-style:italic;vertical-align:middle}.gm-style img,img[width],img[height]{max-width:none}ul,ol{margin-bottom:0.9375em;margin-left:1.25em}ul li{list-style:disc}li{font-size:1rem}li>ul,li>ol{margin-bottom:0}table{width:100%;border:1px solid;border-collapse:collapse}th,td{border:1px solid;text-align:left}fieldset{border:0}label{display:block;cursor:pointer}input{display:block}input[type="text"],input[type="email"],input[type="tel"],input[type="search"],input[type="number"],input[type="date"],input[type="url"],input[type="password"],textarea{font-size:1rem;padding:10px;width:100%;border:1px solid;-webkit-appearance:none}input[type="submit"],button{-webkit-appearance:none}html{overflow-y:scroll;min-height:100%;-webkit-text-size-adjust:100%;-ms-text-size-adjust:100%;text-size-adjust:100%;-moz-osx-font-smoothing:grayscale;-webkit-font-smoothing:antialiased;color:#212121;background-color:#fff}body{font-size:1rem}.wrap{margin:0 auto;width:1200px;max-width:95%}#cookie-banner{padding:15px 0;background-color:#000}#cookie-banner .wrap{overflow:hidden}#cookie-banner p{line-height:1.3;color:#fff}#cookie-banner a{color:#fff}#cookie-banner .btn{padding:10px 15px;float:left;text-decoration:none;color:#000;background-color:#fff}@media (min-width: 37.5em){#cookie-banner p{width:87.38739%;float:left;margin-right:0.9009%;margin:0}#cookie-banner .btn{float:right}}.message-box{margin-bottom:10px;padding:10px;border:1px solid}.message-box p{margin-bottom:0;font-weight:bold}.message-box--error{color:#7f3232;background-color:#fe6565;border-color:#7f3232}.message-box--warning{color:#7e7e66;background-color:#fdfdcc;border-color:#7e7e66}.message-box--success{color:#5b6c42;background-color:#b7d985;border-color:#5b6c42}.message-text{font-weight:bold}.message-text--error{color:#960101}.message-text--warning{color:#919106}.message-text--success{color:#506f23}

main.css
18: warning at line 1, col 2625
Don't use IDs in selectors.
html,body,div,span,applet,object,iframe,h1,h2,h3,h4,h5,h6,p,blockquote,pre,a,abbr,acronym,address,big,cite,code,del,dfn,em,img,ins,kbd,q,s,samp,small,strike,strong,sub,sup,tt,var,b,u,i,center,dl,dt,dd,ol,ul,li,fieldset,form,label,legend,table,caption,tbody,tfoot,thead,tr,th,td,article,aside,canvas,details,embed,figure,figcaption,footer,header,hgroup,menu,nav,output,ruby,section,summary,time,mark,audio,video{margin:0;padding:0;border:0;font-size:100%;font:inherit;vertical-align:baseline}article,aside,details,figcaption,figure,footer,header,hgroup,menu,nav,section{display:block}body{line-height:1}blockquote,q{quotes:none}blockquote:before,blockquote:after,q:before,q:after{content:'';content:none}table{border-collapse:collapse;border-spacing:0}html{box-sizing:border-box}*,*:before,*:after{box-sizing:inherit}.cf:after{content:'';display:table;clear:both}.skip-content{position:absolute;padding:1em;top:-3.5em;left:2em;z-index:100;color:#fff}.skip-content:focus{position:absolute;top:0;background-color:#000}.visually-hidden{position:absolute;overflow:hidden;margin:-1px;padding:0;height:1px;width:1px;clip:rect(0 0 0 0);border:0}h1,.alpha{font-size:2.625rem}h2,.beta{font-size:2.25rem}h3,.gamma{font-size:1.875rem}h4,.delta{font-size:1.5rem}h5,.epsilon{font-size:1.125rem}h6,.zeta{font-size:1rem}p{margin-bottom:24}strong{font-weight:bold}em{font-style:italic}a{color:#ffce00}a:hover,a:active,a:focus{color:#ddd;text-decoration:none}q{quotes:'\201C' '\201D' '\2018' '\2019'}q:before{content:open-quote}q:after{content:close-quote}blockquote{margin-bottom:24}blockquote p:before{content:'\201C'}blockquote p:after{content:'\201D'}img{max-width:100%;font-style:italic;vertical-align:middle}.gm-style img,img[width],img[height]{max-width:none}ul,ol{margin-bottom:0.9375em;margin-left:1.25em}ul li{list-style:disc}li{font-size:1rem}li>ul,li>ol{margin-bottom:0}table{width:100%;border:1px solid;border-collapse:collapse}th,td{border:1px solid;text-align:left}fieldset{border:0}label{display:block;cursor:pointer}input{display:block}input[type="text"],input[type="email"],input[type="tel"],input[type="search"],input[type="number"],input[type="date"],input[type="url"],input[type="password"],textarea{font-size:1rem;padding:10px;width:100%;border:1px solid;-webkit-appearance:none}input[type="submit"],button{-webkit-appearance:none}html{overflow-y:scroll;min-height:100%;-webkit-text-size-adjust:100%;-ms-text-size-adjust:100%;text-size-adjust:100%;-moz-osx-font-smoothing:grayscale;-webkit-font-smoothing:antialiased;color:#212121;background-color:#fff}body{font-size:1rem}.wrap{margin:0 auto;width:1200px;max-width:95%}#cookie-banner{padding:15px 0;background-color:#000}#cookie-banner .wrap{overflow:hidden}#cookie-banner p{line-height:1.3;color:#fff}#cookie-banner a{color:#fff}#cookie-banner .btn{padding:10px 15px;float:left;text-decoration:none;color:#000;background-color:#fff}@media (min-width: 37.5em){#cookie-banner p{width:87.38739%;float:left;margin-right:0.9009%;margin:0}#cookie-banner .btn{float:right}}.message-box{margin-bottom:10px;padding:10px;border:1px solid}.message-box p{margin-bottom:0;font-weight:bold}.message-box--error{color:#7f3232;background-color:#fe6565;border-color:#7f3232}.message-box--warning{color:#7e7e66;background-color:#fdfdcc;border-color:#7e7e66}.message-box--success{color:#5b6c42;background-color:#b7d985;border-color:#5b6c42}.message-text{font-weight:bold}.message-text--error{color:#960101}.message-text--warning{color:#919106}.message-text--success{color:#506f23}

main.css
19: warning at line 1, col 2677
Don't use IDs in selectors.
html,body,div,span,applet,object,iframe,h1,h2,h3,h4,h5,h6,p,blockquote,pre,a,abbr,acronym,address,big,cite,code,del,dfn,em,img,ins,kbd,q,s,samp,small,strike,strong,sub,sup,tt,var,b,u,i,center,dl,dt,dd,ol,ul,li,fieldset,form,label,legend,table,caption,tbody,tfoot,thead,tr,th,td,article,aside,canvas,details,embed,figure,figcaption,footer,header,hgroup,menu,nav,output,ruby,section,summary,time,mark,audio,video{margin:0;padding:0;border:0;font-size:100%;font:inherit;vertical-align:baseline}article,aside,details,figcaption,figure,footer,header,hgroup,menu,nav,section{display:block}body{line-height:1}blockquote,q{quotes:none}blockquote:before,blockquote:after,q:before,q:after{content:'';content:none}table{border-collapse:collapse;border-spacing:0}html{box-sizing:border-box}*,*:before,*:after{box-sizing:inherit}.cf:after{content:'';display:table;clear:both}.skip-content{position:absolute;padding:1em;top:-3.5em;left:2em;z-index:100;color:#fff}.skip-content:focus{position:absolute;top:0;background-color:#000}.visually-hidden{position:absolute;overflow:hidden;margin:-1px;padding:0;height:1px;width:1px;clip:rect(0 0 0 0);border:0}h1,.alpha{font-size:2.625rem}h2,.beta{font-size:2.25rem}h3,.gamma{font-size:1.875rem}h4,.delta{font-size:1.5rem}h5,.epsilon{font-size:1.125rem}h6,.zeta{font-size:1rem}p{margin-bottom:24}strong{font-weight:bold}em{font-style:italic}a{color:#ffce00}a:hover,a:active,a:focus{color:#ddd;text-decoration:none}q{quotes:'\201C' '\201D' '\2018' '\2019'}q:before{content:open-quote}q:after{content:close-quote}blockquote{margin-bottom:24}blockquote p:before{content:'\201C'}blockquote p:after{content:'\201D'}img{max-width:100%;font-style:italic;vertical-align:middle}.gm-style img,img[width],img[height]{max-width:none}ul,ol{margin-bottom:0.9375em;margin-left:1.25em}ul li{list-style:disc}li{font-size:1rem}li>ul,li>ol{margin-bottom:0}table{width:100%;border:1px solid;border-collapse:collapse}th,td{border:1px solid;text-align:left}fieldset{border:0}label{display:block;cursor:pointer}input{display:block}input[type="text"],input[type="email"],input[type="tel"],input[type="search"],input[type="number"],input[type="date"],input[type="url"],input[type="password"],textarea{font-size:1rem;padding:10px;width:100%;border:1px solid;-webkit-appearance:none}input[type="submit"],button{-webkit-appearance:none}html{overflow-y:scroll;min-height:100%;-webkit-text-size-adjust:100%;-ms-text-size-adjust:100%;text-size-adjust:100%;-moz-osx-font-smoothing:grayscale;-webkit-font-smoothing:antialiased;color:#212121;background-color:#fff}body{font-size:1rem}.wrap{margin:0 auto;width:1200px;max-width:95%}#cookie-banner{padding:15px 0;background-color:#000}#cookie-banner .wrap{overflow:hidden}#cookie-banner p{line-height:1.3;color:#fff}#cookie-banner a{color:#fff}#cookie-banner .btn{padding:10px 15px;float:left;text-decoration:none;color:#000;background-color:#fff}@media (min-width: 37.5em){#cookie-banner p{width:87.38739%;float:left;margin-right:0.9009%;margin:0}#cookie-banner .btn{float:right}}.message-box{margin-bottom:10px;padding:10px;border:1px solid}.message-box p{margin-bottom:0;font-weight:bold}.message-box--error{color:#7f3232;background-color:#fe6565;border-color:#7f3232}.message-box--warning{color:#7e7e66;background-color:#fdfdcc;border-color:#7e7e66}.message-box--success{color:#5b6c42;background-color:#b7d985;border-color:#5b6c42}.message-text{font-weight:bold}.message-text--error{color:#960101}.message-text--warning{color:#919106}.message-text--success{color:#506f23}

main.css
20: warning at line 1, col 2714
Don't use IDs in selectors.
html,body,div,span,applet,object,iframe,h1,h2,h3,h4,h5,h6,p,blockquote,pre,a,abbr,acronym,address,big,cite,code,del,dfn,em,img,ins,kbd,q,s,samp,small,strike,strong,sub,sup,tt,var,b,u,i,center,dl,dt,dd,ol,ul,li,fieldset,form,label,legend,table,caption,tbody,tfoot,thead,tr,th,td,article,aside,canvas,details,embed,figure,figcaption,footer,header,hgroup,menu,nav,output,ruby,section,summary,time,mark,audio,video{margin:0;padding:0;border:0;font-size:100%;font:inherit;vertical-align:baseline}article,aside,details,figcaption,figure,footer,header,hgroup,menu,nav,section{display:block}body{line-height:1}blockquote,q{quotes:none}blockquote:before,blockquote:after,q:before,q:after{content:'';content:none}table{border-collapse:collapse;border-spacing:0}html{box-sizing:border-box}*,*:before,*:after{box-sizing:inherit}.cf:after{content:'';display:table;clear:both}.skip-content{position:absolute;padding:1em;top:-3.5em;left:2em;z-index:100;color:#fff}.skip-content:focus{position:absolute;top:0;background-color:#000}.visually-hidden{position:absolute;overflow:hidden;margin:-1px;padding:0;height:1px;width:1px;clip:rect(0 0 0 0);border:0}h1,.alpha{font-size:2.625rem}h2,.beta{font-size:2.25rem}h3,.gamma{font-size:1.875rem}h4,.delta{font-size:1.5rem}h5,.epsilon{font-size:1.125rem}h6,.zeta{font-size:1rem}p{margin-bottom:24}strong{font-weight:bold}em{font-style:italic}a{color:#ffce00}a:hover,a:active,a:focus{color:#ddd;text-decoration:none}q{quotes:'\201C' '\201D' '\2018' '\2019'}q:before{content:open-quote}q:after{content:close-quote}blockquote{margin-bottom:24}blockquote p:before{content:'\201C'}blockquote p:after{content:'\201D'}img{max-width:100%;font-style:italic;vertical-align:middle}.gm-style img,img[width],img[height]{max-width:none}ul,ol{margin-bottom:0.9375em;margin-left:1.25em}ul li{list-style:disc}li{font-size:1rem}li>ul,li>ol{margin-bottom:0}table{width:100%;border:1px solid;border-collapse:collapse}th,td{border:1px solid;text-align:left}fieldset{border:0}label{display:block;cursor:pointer}input{display:block}input[type="text"],input[type="email"],input[type="tel"],input[type="search"],input[type="number"],input[type="date"],input[type="url"],input[type="password"],textarea{font-size:1rem;padding:10px;width:100%;border:1px solid;-webkit-appearance:none}input[type="submit"],button{-webkit-appearance:none}html{overflow-y:scroll;min-height:100%;-webkit-text-size-adjust:100%;-ms-text-size-adjust:100%;text-size-adjust:100%;-moz-osx-font-smoothing:grayscale;-webkit-font-smoothing:antialiased;color:#212121;background-color:#fff}body{font-size:1rem}.wrap{margin:0 auto;width:1200px;max-width:95%}#cookie-banner{padding:15px 0;background-color:#000}#cookie-banner .wrap{overflow:hidden}#cookie-banner p{line-height:1.3;color:#fff}#cookie-banner a{color:#fff}#cookie-banner .btn{padding:10px 15px;float:left;text-decoration:none;color:#000;background-color:#fff}@media (min-width: 37.5em){#cookie-banner p{width:87.38739%;float:left;margin-right:0.9009%;margin:0}#cookie-banner .btn{float:right}}.message-box{margin-bottom:10px;padding:10px;border:1px solid}.message-box p{margin-bottom:0;font-weight:bold}.message-box--error{color:#7f3232;background-color:#fe6565;border-color:#7f3232}.message-box--warning{color:#7e7e66;background-color:#fdfdcc;border-color:#7e7e66}.message-box--success{color:#5b6c42;background-color:#b7d985;border-color:#5b6c42}.message-text{font-weight:bold}.message-text--error{color:#960101}.message-text--warning{color:#919106}.message-text--success{color:#506f23}

main.css
21: warning at line 1, col 2758
Don't use IDs in selectors.
html,body,div,span,applet,object,iframe,h1,h2,h3,h4,h5,h6,p,blockquote,pre,a,abbr,acronym,address,big,cite,code,del,dfn,em,img,ins,kbd,q,s,samp,small,strike,strong,sub,sup,tt,var,b,u,i,center,dl,dt,dd,ol,ul,li,fieldset,form,label,legend,table,caption,tbody,tfoot,thead,tr,th,td,article,aside,canvas,details,embed,figure,figcaption,footer,header,hgroup,menu,nav,output,ruby,section,summary,time,mark,audio,video{margin:0;padding:0;border:0;font-size:100%;font:inherit;vertical-align:baseline}article,aside,details,figcaption,figure,footer,header,hgroup,menu,nav,section{display:block}body{line-height:1}blockquote,q{quotes:none}blockquote:before,blockquote:after,q:before,q:after{content:'';content:none}table{border-collapse:collapse;border-spacing:0}html{box-sizing:border-box}*,*:before,*:after{box-sizing:inherit}.cf:after{content:'';display:table;clear:both}.skip-content{position:absolute;padding:1em;top:-3.5em;left:2em;z-index:100;color:#fff}.skip-content:focus{position:absolute;top:0;background-color:#000}.visually-hidden{position:absolute;overflow:hidden;margin:-1px;padding:0;height:1px;width:1px;clip:rect(0 0 0 0);border:0}h1,.alpha{font-size:2.625rem}h2,.beta{font-size:2.25rem}h3,.gamma{font-size:1.875rem}h4,.delta{font-size:1.5rem}h5,.epsilon{font-size:1.125rem}h6,.zeta{font-size:1rem}p{margin-bottom:24}strong{font-weight:bold}em{font-style:italic}a{color:#ffce00}a:hover,a:active,a:focus{color:#ddd;text-decoration:none}q{quotes:'\201C' '\201D' '\2018' '\2019'}q:before{content:open-quote}q:after{content:close-quote}blockquote{margin-bottom:24}blockquote p:before{content:'\201C'}blockquote p:after{content:'\201D'}img{max-width:100%;font-style:italic;vertical-align:middle}.gm-style img,img[width],img[height]{max-width:none}ul,ol{margin-bottom:0.9375em;margin-left:1.25em}ul li{list-style:disc}li{font-size:1rem}li>ul,li>ol{margin-bottom:0}table{width:100%;border:1px solid;border-collapse:collapse}th,td{border:1px solid;text-align:left}fieldset{border:0}label{display:block;cursor:pointer}input{display:block}input[type="text"],input[type="email"],input[type="tel"],input[type="search"],input[type="number"],input[type="date"],input[type="url"],input[type="password"],textarea{font-size:1rem;padding:10px;width:100%;border:1px solid;-webkit-appearance:none}input[type="submit"],button{-webkit-appearance:none}html{overflow-y:scroll;min-height:100%;-webkit-text-size-adjust:100%;-ms-text-size-adjust:100%;text-size-adjust:100%;-moz-osx-font-smoothing:grayscale;-webkit-font-smoothing:antialiased;color:#212121;background-color:#fff}body{font-size:1rem}.wrap{margin:0 auto;width:1200px;max-width:95%}#cookie-banner{padding:15px 0;background-color:#000}#cookie-banner .wrap{overflow:hidden}#cookie-banner p{line-height:1.3;color:#fff}#cookie-banner a{color:#fff}#cookie-banner .btn{padding:10px 15px;float:left;text-decoration:none;color:#000;background-color:#fff}@media (min-width: 37.5em){#cookie-banner p{width:87.38739%;float:left;margin-right:0.9009%;margin:0}#cookie-banner .btn{float:right}}.message-box{margin-bottom:10px;padding:10px;border:1px solid}.message-box p{margin-bottom:0;font-weight:bold}.message-box--error{color:#7f3232;background-color:#fe6565;border-color:#7f3232}.message-box--warning{color:#7e7e66;background-color:#fdfdcc;border-color:#7e7e66}.message-box--success{color:#5b6c42;background-color:#b7d985;border-color:#5b6c42}.message-text{font-weight:bold}.message-text--error{color:#960101}.message-text--warning{color:#919106}.message-text--success{color:#506f23}

main.css
22: warning at line 1, col 2786
Don't use IDs in selectors.
html,body,div,span,applet,object,iframe,h1,h2,h3,h4,h5,h6,p,blockquote,pre,a,abbr,acronym,address,big,cite,code,del,dfn,em,img,ins,kbd,q,s,samp,small,strike,strong,sub,sup,tt,var,b,u,i,center,dl,dt,dd,ol,ul,li,fieldset,form,label,legend,table,caption,tbody,tfoot,thead,tr,th,td,article,aside,canvas,details,embed,figure,figcaption,footer,header,hgroup,menu,nav,output,ruby,section,summary,time,mark,audio,video{margin:0;padding:0;border:0;font-size:100%;font:inherit;vertical-align:baseline}article,aside,details,figcaption,figure,footer,header,hgroup,menu,nav,section{display:block}body{line-height:1}blockquote,q{quotes:none}blockquote:before,blockquote:after,q:before,q:after{content:'';content:none}table{border-collapse:collapse;border-spacing:0}html{box-sizing:border-box}*,*:before,*:after{box-sizing:inherit}.cf:after{content:'';display:table;clear:both}.skip-content{position:absolute;padding:1em;top:-3.5em;left:2em;z-index:100;color:#fff}.skip-content:focus{position:absolute;top:0;background-color:#000}.visually-hidden{position:absolute;overflow:hidden;margin:-1px;padding:0;height:1px;width:1px;clip:rect(0 0 0 0);border:0}h1,.alpha{font-size:2.625rem}h2,.beta{font-size:2.25rem}h3,.gamma{font-size:1.875rem}h4,.delta{font-size:1.5rem}h5,.epsilon{font-size:1.125rem}h6,.zeta{font-size:1rem}p{margin-bottom:24}strong{font-weight:bold}em{font-style:italic}a{color:#ffce00}a:hover,a:active,a:focus{color:#ddd;text-decoration:none}q{quotes:'\201C' '\201D' '\2018' '\2019'}q:before{content:open-quote}q:after{content:close-quote}blockquote{margin-bottom:24}blockquote p:before{content:'\201C'}blockquote p:after{content:'\201D'}img{max-width:100%;font-style:italic;vertical-align:middle}.gm-style img,img[width],img[height]{max-width:none}ul,ol{margin-bottom:0.9375em;margin-left:1.25em}ul li{list-style:disc}li{font-size:1rem}li>ul,li>ol{margin-bottom:0}table{width:100%;border:1px solid;border-collapse:collapse}th,td{border:1px solid;text-align:left}fieldset{border:0}label{display:block;cursor:pointer}input{display:block}input[type="text"],input[type="email"],input[type="tel"],input[type="search"],input[type="number"],input[type="date"],input[type="url"],input[type="password"],textarea{font-size:1rem;padding:10px;width:100%;border:1px solid;-webkit-appearance:none}input[type="submit"],button{-webkit-appearance:none}html{overflow-y:scroll;min-height:100%;-webkit-text-size-adjust:100%;-ms-text-size-adjust:100%;text-size-adjust:100%;-moz-osx-font-smoothing:grayscale;-webkit-font-smoothing:antialiased;color:#212121;background-color:#fff}body{font-size:1rem}.wrap{margin:0 auto;width:1200px;max-width:95%}#cookie-banner{padding:15px 0;background-color:#000}#cookie-banner .wrap{overflow:hidden}#cookie-banner p{line-height:1.3;color:#fff}#cookie-banner a{color:#fff}#cookie-banner .btn{padding:10px 15px;float:left;text-decoration:none;color:#000;background-color:#fff}@media (min-width: 37.5em){#cookie-banner p{width:87.38739%;float:left;margin-right:0.9009%;margin:0}#cookie-banner .btn{float:right}}.message-box{margin-bottom:10px;padding:10px;border:1px solid}.message-box p{margin-bottom:0;font-weight:bold}.message-box--error{color:#7f3232;background-color:#fe6565;border-color:#7f3232}.message-box--warning{color:#7e7e66;background-color:#fdfdcc;border-color:#7e7e66}.message-box--success{color:#5b6c42;background-color:#b7d985;border-color:#5b6c42}.message-text{font-weight:bold}.message-text--error{color:#960101}.message-text--warning{color:#919106}.message-text--success{color:#506f23}

main.css
23: warning at line 1, col 2916
Don't use IDs in selectors.
html,body,div,span,applet,object,iframe,h1,h2,h3,h4,h5,h6,p,blockquote,pre,a,abbr,acronym,address,big,cite,code,del,dfn,em,img,ins,kbd,q,s,samp,small,strike,strong,sub,sup,tt,var,b,u,i,center,dl,dt,dd,ol,ul,li,fieldset,form,label,legend,table,caption,tbody,tfoot,thead,tr,th,td,article,aside,canvas,details,embed,figure,figcaption,footer,header,hgroup,menu,nav,output,ruby,section,summary,time,mark,audio,video{margin:0;padding:0;border:0;font-size:100%;font:inherit;vertical-align:baseline}article,aside,details,figcaption,figure,footer,header,hgroup,menu,nav,section{display:block}body{line-height:1}blockquote,q{quotes:none}blockquote:before,blockquote:after,q:before,q:after{content:'';content:none}table{border-collapse:collapse;border-spacing:0}html{box-sizing:border-box}*,*:before,*:after{box-sizing:inherit}.cf:after{content:'';display:table;clear:both}.skip-content{position:absolute;padding:1em;top:-3.5em;left:2em;z-index:100;color:#fff}.skip-content:focus{position:absolute;top:0;background-color:#000}.visually-hidden{position:absolute;overflow:hidden;margin:-1px;padding:0;height:1px;width:1px;clip:rect(0 0 0 0);border:0}h1,.alpha{font-size:2.625rem}h2,.beta{font-size:2.25rem}h3,.gamma{font-size:1.875rem}h4,.delta{font-size:1.5rem}h5,.epsilon{font-size:1.125rem}h6,.zeta{font-size:1rem}p{margin-bottom:24}strong{font-weight:bold}em{font-style:italic}a{color:#ffce00}a:hover,a:active,a:focus{color:#ddd;text-decoration:none}q{quotes:'\201C' '\201D' '\2018' '\2019'}q:before{content:open-quote}q:after{content:close-quote}blockquote{margin-bottom:24}blockquote p:before{content:'\201C'}blockquote p:after{content:'\201D'}img{max-width:100%;font-style:italic;vertical-align:middle}.gm-style img,img[width],img[height]{max-width:none}ul,ol{margin-bottom:0.9375em;margin-left:1.25em}ul li{list-style:disc}li{font-size:1rem}li>ul,li>ol{margin-bottom:0}table{width:100%;border:1px solid;border-collapse:collapse}th,td{border:1px solid;text-align:left}fieldset{border:0}label{display:block;cursor:pointer}input{display:block}input[type="text"],input[type="email"],input[type="tel"],input[type="search"],input[type="number"],input[type="date"],input[type="url"],input[type="password"],textarea{font-size:1rem;padding:10px;width:100%;border:1px solid;-webkit-appearance:none}input[type="submit"],button{-webkit-appearance:none}html{overflow-y:scroll;min-height:100%;-webkit-text-size-adjust:100%;-ms-text-size-adjust:100%;text-size-adjust:100%;-moz-osx-font-smoothing:grayscale;-webkit-font-smoothing:antialiased;color:#212121;background-color:#fff}body{font-size:1rem}.wrap{margin:0 auto;width:1200px;max-width:95%}#cookie-banner{padding:15px 0;background-color:#000}#cookie-banner .wrap{overflow:hidden}#cookie-banner p{line-height:1.3;color:#fff}#cookie-banner a{color:#fff}#cookie-banner .btn{padding:10px 15px;float:left;text-decoration:none;color:#000;background-color:#fff}@media (min-width: 37.5em){#cookie-banner p{width:87.38739%;float:left;margin-right:0.9009%;margin:0}#cookie-banner .btn{float:right}}.message-box{margin-bottom:10px;padding:10px;border:1px solid}.message-box p{margin-bottom:0;font-weight:bold}.message-box--error{color:#7f3232;background-color:#fe6565;border-color:#7f3232}.message-box--warning{color:#7e7e66;background-color:#fdfdcc;border-color:#7e7e66}.message-box--success{color:#5b6c42;background-color:#b7d985;border-color:#5b6c42}.message-text{font-weight:bold}.message-text--error{color:#960101}.message-text--warning{color:#919106}.message-text--success{color:#506f23}

main.css
24: warning at line 1, col 2990
Don't use IDs in selectors.
html,body,div,span,applet,object,iframe,h1,h2,h3,h4,h5,h6,p,blockquote,pre,a,abbr,acronym,address,big,cite,code,del,dfn,em,img,ins,kbd,q,s,samp,small,strike,strong,sub,sup,tt,var,b,u,i,center,dl,dt,dd,ol,ul,li,fieldset,form,label,legend,table,caption,tbody,tfoot,thead,tr,th,td,article,aside,canvas,details,embed,figure,figcaption,footer,header,hgroup,menu,nav,output,ruby,section,summary,time,mark,audio,video{margin:0;padding:0;border:0;font-size:100%;font:inherit;vertical-align:baseline}article,aside,details,figcaption,figure,footer,header,hgroup,menu,nav,section{display:block}body{line-height:1}blockquote,q{quotes:none}blockquote:before,blockquote:after,q:before,q:after{content:'';content:none}table{border-collapse:collapse;border-spacing:0}html{box-sizing:border-box}*,*:before,*:after{box-sizing:inherit}.cf:after{content:'';display:table;clear:both}.skip-content{position:absolute;padding:1em;top:-3.5em;left:2em;z-index:100;color:#fff}.skip-content:focus{position:absolute;top:0;background-color:#000}.visually-hidden{position:absolute;overflow:hidden;margin:-1px;padding:0;height:1px;width:1px;clip:rect(0 0 0 0);border:0}h1,.alpha{font-size:2.625rem}h2,.beta{font-size:2.25rem}h3,.gamma{font-size:1.875rem}h4,.delta{font-size:1.5rem}h5,.epsilon{font-size:1.125rem}h6,.zeta{font-size:1rem}p{margin-bottom:24}strong{font-weight:bold}em{font-style:italic}a{color:#ffce00}a:hover,a:active,a:focus{color:#ddd;text-decoration:none}q{quotes:'\201C' '\201D' '\2018' '\2019'}q:before{content:open-quote}q:after{content:close-quote}blockquote{margin-bottom:24}blockquote p:before{content:'\201C'}blockquote p:after{content:'\201D'}img{max-width:100%;font-style:italic;vertical-align:middle}.gm-style img,img[width],img[height]{max-width:none}ul,ol{margin-bottom:0.9375em;margin-left:1.25em}ul li{list-style:disc}li{font-size:1rem}li>ul,li>ol{margin-bottom:0}table{width:100%;border:1px solid;border-collapse:collapse}th,td{border:1px solid;text-align:left}fieldset{border:0}label{display:block;cursor:pointer}input{display:block}input[type="text"],input[type="email"],input[type="tel"],input[type="search"],input[type="number"],input[type="date"],input[type="url"],input[type="password"],textarea{font-size:1rem;padding:10px;width:100%;border:1px solid;-webkit-appearance:none}input[type="submit"],button{-webkit-appearance:none}html{overflow-y:scroll;min-height:100%;-webkit-text-size-adjust:100%;-ms-text-size-adjust:100%;text-size-adjust:100%;-moz-osx-font-smoothing:grayscale;-webkit-font-smoothing:antialiased;color:#212121;background-color:#fff}body{font-size:1rem}.wrap{margin:0 auto;width:1200px;max-width:95%}#cookie-banner{padding:15px 0;background-color:#000}#cookie-banner .wrap{overflow:hidden}#cookie-banner p{line-height:1.3;color:#fff}#cookie-banner a{color:#fff}#cookie-banner .btn{padding:10px 15px;float:left;text-decoration:none;color:#000;background-color:#fff}@media (min-width: 37.5em){#cookie-banner p{width:87.38739%;float:left;margin-right:0.9009%;margin:0}#cookie-banner .btn{float:right}}.message-box{margin-bottom:10px;padding:10px;border:1px solid}.message-box p{margin-bottom:0;font-weight:bold}.message-box--error{color:#7f3232;background-color:#fe6565;border-color:#7f3232}.message-box--warning{color:#7e7e66;background-color:#fdfdcc;border-color:#7e7e66}.message-box--success{color:#5b6c42;background-color:#b7d985;border-color:#5b6c42}.message-text{font-weight:bold}.message-text--error{color:#960101}.message-text--warning{color:#919106}.message-text--success{color:#506f23}

main.css
25: warning
Too many font-size declarations (10), abstraction needed.

main.css
26: warning
You have 2 h1s, 2 h2s, 2 h3s, 2 h4s, 2 h5s, 2 h6s defined in this stylesheet.
